../Core/Src/main.c:82:5:main	8	static
../Core/Src/main.c:138:6:SystemClock_Config	88	static
../Core/Src/main.c:185:13:MX_ADC1_Init	56	static
../Core/Src/main.c:271:13:MX_TIM2_Init	40	static
../Core/Src/main.c:316:13:MX_TIM3_Init	40	static
../Core/Src/main.c:359:13:MX_DMA_Init	16	static
../Core/Src/main.c:381:13:MX_GPIO_Init	48	static
../Core/Src/main.c:418:6:HAL_TIM_PeriodElapsedCallback	16	static
../Core/Src/main.c:428:6:Average	24	static
../Core/Src/main.c:446:6:Error_Handler	4	static,ignoring_inline_asm
